-------------------------------------------------------------------------------------
-------------------------------------------------------------------------------------
	mount -t vfat /dev/sdb2: /tmp/boot_54134 ....................................>
Disk /dev/sdb: 232.89 GiB, 250059350016 bytes, 488397168 sectors
/dev/sdb1      2048     67583     65536    32M BIOS boot
/dev/sdb2     67584  16844799  16777216     8G EFI System
/dev/sdb3  16844800 488397134 471552335 224.9G Linux filesystem
-------------------------------------------------------------------------------------
boot =  ; build = 6.2.8 ; config = 0
-------------------------------------------------------------------------------------
	mount -t vfat /dev/sdb2: /tmp/boot_59415 ....................................>
Disk /dev/sdb: 232.89 GiB, 250059350016 bytes, 488397168 sectors
/dev/sdb1      2048     67583     65536    32M BIOS boot
/dev/sdb2     67584  16844799  16777216     8G EFI System
/dev/sdb3  16844800 488397134 471552335 224.9G Linux filesystem
-------------------------------------------------------------------------------------
boot =  ; build = 6.2.8 ; config = 0
-------------------------------------------------------------------------------------
	mount -t vfat /dev/sdb2: /tmp/boot_64304 ....................................>
Disk /dev/sdb: 232.89 GiB, 250059350016 bytes, 488397168 sectors
/dev/sdb1      2048     67583     65536    32M BIOS boot
/dev/sdb2     67584  16844799  16777216     8G EFI System
/dev/sdb3  16844800 488397134 471552335 224.9G Linux filesystem
-------------------------------------------------------------------------------------
boot =  ; build = 6.2.8 ; config = 0
-------------------------------------------------------------------------------------
	mount -t vfat /dev/sdb2 /tmp/boot_5445 ....................................>
Disk /dev/sdb: 232.89 GiB, 250059350016 bytes, 488397168 sectors
/dev/sdb1      2048     67583     65536    32M BIOS boot
/dev/sdb2     67584  16844799  16777216     8G EFI System
/dev/sdb3  16844800 488397134 471552335 224.9G Linux filesystem
-------------------------------------------------------------------------------------
boot = 6.2.8 ; build = 6.2.8 ; config = 0
